==================================== INPUT ====================================
query NodeQuery($id: ID!) {
  node(id: $id) {
    id
    ... on Story {
      comments(first: 10) @connection(key: "NodeQuery_comments") {
        commentEdges: edges {
          node {
            actor {
              name
            }
          }
        }
        commentPageInfo: pageInfo {
          hasNextPage
        }
      }
    }
  }
}
==================================== OUTPUT ===================================
(function(){
var v0 = [
  {
    "defaultValue": null,
    "kind": "LocalArgument",
    "name": "id",
    "type": "ID"
  }
],
v1 = [
  {
    "kind": "Variable",
    "name": "id",
    "variableName": "id"
  }
],
v2 = {
  "alias": null,
  "args": null,
  "kind": "ScalarField",
  "name": "id",
  "storageKey": null
},
v3 = [
  {
    "kind": "Literal",
    "name": "first",
    "value": 10
  }
],
v4 = {
  "alias": null,
  "args": (v3/*: any*/),
  "concreteType": null,
  "kind": "LinkedField",
  "name": "comments",
  "plural": false,
  "selections": [
    {
      "alias": null,
      "args": null,
      "concreteType": null,
      "kind": "LinkedField",
      "name": "edges",
      "plural": true,
      "selections": [
        {
          "kind": "InlineFragment",
          "selections": [
            {
              "alias": null,
              "args": null,
              "kind": "ScalarField",
              "name": "cursor",
              "storageKey": null
            },
            {
              "alias": null,
              "args": null,
              "concreteType": null,
              "kind": "LinkedField",
              "name": "node",
              "plural": false,
              "selections": [
                {
                  "alias": null,
                  "args": null,
                  "kind": "ScalarField",
                  "name": "__typename",
                  "storageKey": null
                }
              ],
              "storageKey": null
            }
          ],
          "type": "CommentsEdge"
        }
      ],
      "storageKey": null
    },
    {
      "alias": null,
      "args": null,
      "concreteType": null,
      "kind": "LinkedField",
      "name": "pageInfo",
      "plural": false,
      "selections": [
        {
          "kind": "InlineFragment",
          "selections": [
            {
              "alias": null,
              "args": null,
              "kind": "ScalarField",
              "name": "endCursor",
              "storageKey": null
            },
            {
              "alias": null,
              "args": null,
              "kind": "ScalarField",
              "name": "hasNextPage",
              "storageKey": null
            }
          ],
          "type": "PageInfo"
        }
      ],
      "storageKey": null
    }
  ],
  "storageKey": null
};
return {
  "fragment": {
    "argumentDefinitions": (v0/*: any*/),
    "kind": "Fragment",
    "metadata": {
      "connection": [
        {
          "count": null,
          "cursor": null,
          "direction": "forward",
          "path": [
            "node",
            "comments"
          ]
        }
      ]
    },
    "name": "NodeQuery",
    "selections": [
      {
        "alias": null,
        "args": (v1/*: any*/),
        "concreteType": "Node",
        "kind": "LinkedField",
        "name": "node",
        "plural": false,
        "selections": [
          (v2/*: any*/),
          {
            "kind": "InlineFragment",
            "selections": [
              (v4/*: any*/),
              {
                "alias": null,
                "args": (v3/*: any*/),
                "filters": null,
                "handle": "connection",
                "key": "NodeQuery_comments",
                "kind": "LinkedHandle",
                "name": "comments"
              }
            ],
            "type": "Story"
          }
        ],
        "storageKey": null
      }
    ],
    "type": "Query"
  },
  "kind": "ConcreteRequest",
  "operation": {
    "argumentDefinitions": (v0/*: any*/),
    "kind": "Operation",
    "name": "NodeQuery",
    "selections": [
      {
        "alias": null,
        "args": (v1/*: any*/),
        "concreteType": "Node",
        "kind": "LinkedField",
        "name": "node",
        "plural": false,
        "selections": [
          (v2/*: any*/),
          {
            "kind": "InlineFragment",
            "selections": [
              (v4/*: any*/)
            ],
            "type": "Story"
          }
        ],
        "storageKey": null
      }
    ]
  },
  "params": {
    "id": null,
    "metadata": {},
    "name": "NodeQuery",
    "operationKind": "query",
    "text": "query NodeQuery(\n  $id: ID!\n) @__connectionMetadata(__connectionMetadataArgument: [[[\"node\", \"comments\"], \"forward\", null, null, false]]) {\n  node(id: $id) {\n    id\n    ... on Story {\n      comments(first: 10) @connection @__clientField(key: \"NodeQuery_comments\", handler: \"connection\", filters: null, dynamicKey_UNSTABLE: null) {\n        edges {\n          ... on CommentsEdge {\n            cursor\n            node {\n              __typename\n            }\n          }\n        }\n        pageInfo {\n          ... on PageInfo {\n            endCursor\n            hasNextPage\n          }\n        }\n      }\n    }\n  }\n}"
  }
};
})()
