// Jest Snapshot v1, https://goo.gl/fbAQLP

exports[`id alias validation 1`] = `
"You supplied a GraphQL document with validation errors:
Variable \\"$id\\" is never used in operation \\"Q\\".

test.graphql (1:9)
1: query Q($id: ID) { id: name }
           ^
"
`;
