==================================== INPUT ====================================
query StableLiteralsTest {
  me {
    # Note: these object fields are not defined in alphabetical order.
    # The generated artifacts will be produced in alphabetical order.
    storyCommentSearch(query: {text: "foo", limit: 2, offset: 10}) {
      id
    }
  }
}
==================================== OUTPUT ===================================
Operation:
{
  "argumentDefinitions": [],
  "kind": "Operation",
  "name": "StableLiteralsTest",
  "selections": [
    {
      "alias": null,
      "args": null,
      "concreteType": null,
      "kind": "LinkedField",
      "name": "me",
      "plural": false,
      "selections": [
        {
          "alias": null,
          "args": [
            {
              "kind": "Literal",
              "name": "query",
              "value": {
                "limit": 2,
                "offset": 10,
                "text": "foo"
              }
            }
          ],
          "concreteType": null,
          "kind": "LinkedField",
          "name": "storyCommentSearch",
          "plural": true,
          "selections": [
            {
              "alias": null,
              "args": null,
              "kind": "ScalarField",
              "name": "id",
              "storageKey": null
            }
          ],
          "storageKey": null
        }
      ],
      "storageKey": null
    }
  ]
}
