==================================== INPUT ====================================
# expected-to-throw
fragment Foo on User {
  name @required
}
==================================== ERROR ====================================
✖︎ Missing `action` argument. @required expects an `action` argument

  action-argument-omitted.invalid.graphql:3:9
    2 │ fragment Foo on User {
    3 │   name @required
      │         ^^^^^^^^
    4 │ }
