==================================== INPUT ====================================
#expected-to-throw
fragment UserProfile on User {
  profilePicture {
    ...PhotoFragment @relay(mask: false)
  }
}

fragment PhotoFragment on Image @inline {
  uri
}
==================================== ERROR ====================================
Cannot use @relay(mask: false) on fragment spreads for fragments with directives.:
unmasked-spread-with-directive.invalid.graphql:3:8:
    ...PhotoFragment @relay(mask: false)


unmasked-spread-with-directive.invalid.graphql:7:10:
fragment PhotoFragment on Image @inline {
