==================================== INPUT ====================================
fragment Foo_user on User {
  id
  foo {
    ... on ClientNamed {
      client_name
    }
  }
}

# %extensions%

extend type User {
  foo: ClientNamed
}

interface ClientNamed {
  client_name: String
}
==================================== OUTPUT ===================================
{
  "kind": "Fragment",
  "name": "Foo_user",
  "type": "User",
  "metadata": {},
  "argumentDefinitions": [],
  "selections": [
    {
      "kind": "LinkedField",
      "alias": null,
      "name": "foo",
      "args": null,
      "concreteType": "ClientNamed",
      "plural": false,
      "selections": [
        {
          "kind": "ScalarField",
          "alias": null,
          "name": "client_name",
          "args": null,
          "storageKey": null
        }
      ],
      "storageKey": null
    },
    {
      "kind": "ScalarField",
      "alias": null,
      "name": "id",
      "args": null,
      "storageKey": null
    }
  ]
}
