==================================== INPUT ====================================
query TestQuery($date: String) {
  items(filter: {date: $date}) {
    date
  }
}
==================================== OUTPUT ===================================
{
  "kind": "ConcreteRequest",
  "fragment": {
    "kind": "Fragment",
    "name": "TestQuery",
    "type": "Query",
    "metadata": null,
    "argumentDefinitions": [
      {
        "kind": "LocalArgument",
        "name": "date",
        "type": "String",
        "defaultValue": null
      }
    ],
    "selections": [
      {
        "kind": "LinkedField",
        "alias": null,
        "name": "items",
        "args": [
          {
            "kind": "ObjectValue",
            "name": "filter",
            "fields": [
              {
                "kind": "Variable",
                "name": "date",
                "variableName": "date"
              }
            ]
          }
        ],
        "concreteType": null,
        "plural": false,
        "selections": [
          {
            "kind": "ScalarField",
            "alias": null,
            "name": "date",
            "args": null,
            "storageKey": null
          }
        ],
        "storageKey": null
      }
    ]
  },
  "operation": {
    "kind": "Operation",
    "name": "TestQuery",
    "argumentDefinitions": [
      {
        "kind": "LocalArgument",
        "name": "date",
        "type": "String",
        "defaultValue": null
      }
    ],
    "selections": [
      {
        "kind": "LinkedField",
        "alias": null,
        "name": "items",
        "args": [
          {
            "kind": "ObjectValue",
            "name": "filter",
            "fields": [
              {
                "kind": "Variable",
                "name": "date",
                "variableName": "date"
              }
            ]
          }
        ],
        "concreteType": null,
        "plural": false,
        "selections": [
          {
            "kind": "ScalarField",
            "alias": null,
            "name": "date",
            "args": null,
            "storageKey": null
          }
        ],
        "storageKey": null
      }
    ]
  },
  "params": {
    "name": "TestQuery",
    "operationKind": "query",
    "metadata": {},
    "id": null,
    "text": null
  }
}

QUERY:

query TestQuery(
  $date: String
) {
  items(filter: {date: $date}) {
    date
  }
}
