==================================== INPUT ====================================
fragment RefetchableFragment on Node
  @refetchable(queryName: "RefetchableFragmentQuery") {
  id
  ... on User {
    name
    ...ProfilePicture
  }
}

fragment ProfilePicture on User {
  profilePicture(size: $size) {
    uri
  }
}
==================================== OUTPUT ===================================
{
  "kind": "Fragment",
  "name": "ProfilePicture",
  "type": "User",
  "metadata": null,
  "argumentDefinitions": [
    {
      "kind": "RootArgument",
      "name": "size",
      "type": "[Int]"
    }
  ],
  "selections": [
    {
      "kind": "LinkedField",
      "alias": null,
      "name": "profilePicture",
      "args": [
        {
          "kind": "Variable",
          "name": "size",
          "variableName": "size"
        }
      ],
      "concreteType": null,
      "plural": false,
      "selections": [
        {
          "kind": "ScalarField",
          "alias": null,
          "name": "uri",
          "args": null,
          "storageKey": null
        }
      ],
      "storageKey": null
    }
  ]
}

{
  "kind": "Fragment",
  "name": "RefetchableFragment",
  "type": "Node",
  "metadata": null,
  "argumentDefinitions": [],
  "selections": [
    {
      "kind": "InlineFragment",
      "type": "User",
      "selections": [
        {
          "kind": "FragmentSpread",
          "name": "ProfilePicture",
          "args": null
        },
        {
          "kind": "ScalarField",
          "alias": null,
          "name": "name",
          "args": null,
          "storageKey": null
        }
      ]
    },
    {
      "kind": "ScalarField",
      "alias": null,
      "name": "id",
      "args": null,
      "storageKey": null
    }
  ]
}
