==================================== INPUT ====================================
# expected-to-throw
fragment RefetchableFragment on Query
  @refetchable(queryName: "RefetchableFragmentQuery")
  @argumentDefinitions(id: {type: "ID!"}) {
  node(id: $id) {
    ... on User {
      id
      name
      ...Profile @arguments(includeProfile: true)
    }
  }
}

fragment Profile on User
  @argumentDefinitions(
    includeProfile: {type: "Boolean!", defaultValue: false}
  ) {
  id
  name
  profilePicture(size: $pictureSize) {
    uri
  }
  friends(first: $count) {
    edges {
      node {
        ...Profile
      }
    }
  }
}
==================================== ERROR ====================================
Found a circular reference from fragment 'Profile'.:
fragment-on-query-with-cycle.invalid.graphql:2:10:2:29
fragment RefetchableFragment on Query
Notes:
[related 1] other related location:
fragment-on-query-with-cycle.invalid.graphql:9:10:9:17
      ...Profile @arguments(includeProfile: true)
[related 2] other related location:
fragment-on-query-with-cycle.invalid.graphql:26:12:27:1
        ...Profile
      }
[related 3] other related location:
fragment-on-query-with-cycle.invalid.graphql:26:12:27:1
        ...Profile
      }
