==================================== INPUT ====================================
query QueryWithFragmentWithStream($id: ID!) {
  node(id: $id) {
    id
    ...FeedbackFragment
  }
}

fragment FeedbackFragment on Feedback {
  id
  actors @stream(initial_count: 1, label: "StreamedActorsLabel") {
    name
  }
}
==================================== OUTPUT ===================================
{
  "kind": "Fragment",
  "name": "FeedbackFragment",
  "type": "Feedback",
  "metadata": null,
  "argumentDefinitions": [],
  "selections": [
    {
      "kind": "LinkedField",
      "alias": null,
      "name": "actors",
      "args": null,
      "concreteType": null,
      "plural": true,
      "selections": [
        {
          "kind": "ScalarField",
          "alias": null,
          "name": "name",
          "args": null,
          "storageKey": null
        }
      ],
      "storageKey": null
    },
    {
      "kind": "ScalarField",
      "alias": null,
      "name": "id",
      "args": null,
      "storageKey": null
    }
  ]
}

{
  "kind": "Request",
  "fragment": {
    "kind": "Fragment",
    "name": "QueryWithFragmentWithStream",
    "type": "Query",
    "metadata": null,
    "argumentDefinitions": [
      {
        "kind": "LocalArgument",
        "name": "id",
        "type": "ID!",
        "defaultValue": null
      }
    ],
    "selections": [
      {
        "kind": "LinkedField",
        "alias": null,
        "name": "node",
        "args": [
          {
            "kind": "Variable",
            "name": "id",
            "variableName": "id"
          }
        ],
        "concreteType": null,
        "plural": false,
        "selections": [
          {
            "kind": "FragmentSpread",
            "name": "FeedbackFragment",
            "args": null
          },
          {
            "kind": "ScalarField",
            "alias": null,
            "name": "id",
            "args": null,
            "storageKey": null
          }
        ],
        "storageKey": null
      }
    ]
  },
  "operation": {
    "kind": "Operation",
    "name": "QueryWithFragmentWithStream",
    "argumentDefinitions": [
      {
        "kind": "LocalArgument",
        "name": "id",
        "type": "ID!",
        "defaultValue": null
      }
    ],
    "selections": [
      {
        "kind": "LinkedField",
        "alias": null,
        "name": "node",
        "args": [
          {
            "kind": "Variable",
            "name": "id",
            "variableName": "id"
          }
        ],
        "concreteType": null,
        "plural": false,
        "selections": [
          {
            "kind": "InlineFragment",
            "type": "Feedback",
            "selections": [
              {
                "kind": "LinkedField",
                "alias": null,
                "name": "actors",
                "args": null,
                "concreteType": null,
                "plural": true,
                "selections": [
                  {
                    "kind": "ScalarField",
                    "alias": null,
                    "name": "__typename",
                    "args": null,
                    "storageKey": null
                  },
                  {
                    "kind": "ScalarField",
                    "alias": null,
                    "name": "id",
                    "args": null,
                    "storageKey": null
                  },
                  {
                    "kind": "ScalarField",
                    "alias": null,
                    "name": "name",
                    "args": null,
                    "storageKey": null
                  }
                ],
                "storageKey": null
              }
            ]
          },
          {
            "kind": "ScalarField",
            "alias": null,
            "name": "__typename",
            "args": null,
            "storageKey": null
          },
          {
            "kind": "ScalarField",
            "alias": null,
            "name": "id",
            "args": null,
            "storageKey": null
          }
        ],
        "storageKey": null
      }
    ]
  },
  "params": {
    "id": null,
    "metadata": {},
    "name": "QueryWithFragmentWithStream",
    "operationKind": "query",
    "text": null
  }
}

QUERY:

query QueryWithFragmentWithStream(
  $id: ID!
) {
  node(id: $id) {
    ...FeedbackFragment
    __typename
    id
  }
}

fragment FeedbackFragment on Feedback {
  actors @stream(initial_count: 1, label: "StreamedActorsLabel") {
    __typename
    id
    name
  }
  id
}
