==================================== INPUT ====================================
# expected-to-throw
fragment User_fragment on User {
  id: name
}

fragment ProfilePicture on User {
  profilePicture(size: $size) {
    id: uri
  }
}
==================================== ERROR ====================================
Relay does not allow aliasing fields to `id`. This name is reserved for the globally unique `id` field on `Node`.:
id-as-alias.invalid.graphql:1:33:
fragment User_fragment on User {
  id: name


Relay does not allow aliasing fields to `id`. This name is reserved for the globally unique `id` field on `Node`.:
id-as-alias.invalid.graphql:6:32:
  profilePicture(size: $size) {
    id: uri
