==================================== INPUT ====================================
# expected-to-throw
query MultipleNameRendererQuery($id: ID!) {
  node(id: $id) {
    ...FooNameRendererFragment
    ...BarNameRendererFragment
  }
}

fragment FooNameRendererFragment on User {
  id
  nameRenderer {
    ...MarkdownUserNameRenderer_name
      @module(name: "FooMarkdownUserNameRenderer.react")
    ...PlainUserNameRenderer_name
      @module(name: "FooPlainUserNameRenderer.react")
  }
}

fragment BarNameRendererFragment on User {
  # same field alias as above and using standalone @module, so this should
  # flatten with the above selections even though the supported types are
  # different
  nameRenderer {
    ...MarkdownUserNameRenderer_name
      @module(name: "BarMarkdownUserNameRenderer.react")
  }
}

fragment PlainUserNameRenderer_name on PlainUserNameRenderer {
  plaintext
  data {
    text
  }
}

fragment MarkdownUserNameRenderer_name on MarkdownUserNameRenderer {
  markdown
  data {
    markup
  }
}
==================================== ERROR ====================================
Found conflicting @module selections: use a unique alias on the parent fields:
module-overlap-within-document.invalid.graphql:24:7:
      @module(name: "BarMarkdownUserNameRenderer.react")


module-overlap-within-document.invalid.graphql:12:7:
      @module(name: "FooMarkdownUserNameRenderer.react")
