==================================== INPUT ====================================
query MatchQuery {
  node(id: "<user-id>") {
    ... on Actor {
      nameRenderer {
        ...MarkdownUserNameRenderer_name
          @module(name: "MarkdownUserNameRenderer.react")
      }
    }
    ... on User {
      nameRenderer {
        ...MarkdownUserNameRenderer_name
          @module(name: "MarkdownUserNameRenderer.react")
      }
    }
  }
}

fragment MarkdownUserNameRenderer_name on MarkdownUserNameRenderer {
  markdown
  data {
    markup
  }
}
==================================== OUTPUT ===================================
{
  "fragment": {
    "argumentDefinitions": [],
    "kind": "Fragment",
    "metadata": null,
    "name": "MatchQuery",
    "selections": [
      {
        "alias": null,
        "args": [
          {
            "kind": "Literal",
            "name": "id",
            "value": "<user-id>"
          }
        ],
        "concreteType": null,
        "kind": "LinkedField",
        "name": "node",
        "plural": false,
        "selections": [
          {
            "alias": null,
            "args": null,
            "concreteType": null,
            "kind": "LinkedField",
            "name": "nameRenderer",
            "plural": false,
            "selections": [
              {
                "args": null,
                "kind": "FragmentSpread",
                "name": "MarkdownUserNameRenderer_name"
              }
            ],
            "storageKey": null
          },
          {
            "kind": "InlineFragment",
            "selections": [
              {
                "alias": null,
                "args": null,
                "concreteType": null,
                "kind": "LinkedField",
                "name": "nameRenderer",
                "plural": false,
                "selections": [
                  {
                    "args": null,
                    "kind": "FragmentSpread",
                    "name": "MarkdownUserNameRenderer_name"
                  }
                ],
                "storageKey": null
              }
            ],
            "type": "User"
          }
        ],
        "storageKey": "node(id:\"<user-id>\")"
      }
    ],
    "type": "Query"
  },
  "kind": "Request",
  "operation": {
    "argumentDefinitions": [],
    "kind": "Operation",
    "name": "MatchQuery",
    "selections": [
      {
        "alias": null,
        "args": [
          {
            "kind": "Literal",
            "name": "id",
            "value": "<user-id>"
          }
        ],
        "concreteType": null,
        "kind": "LinkedField",
        "name": "node",
        "plural": false,
        "selections": [
          {
            "alias": null,
            "args": null,
            "kind": "ScalarField",
            "name": "__typename",
            "storageKey": null
          },
          {
            "alias": null,
            "args": null,
            "concreteType": null,
            "kind": "LinkedField",
            "name": "nameRenderer",
            "plural": false,
            "selections": [
              {
                "alias": null,
                "args": null,
                "kind": "ScalarField",
                "name": "__typename",
                "storageKey": null
              },
              {
                "kind": "InlineFragment",
                "selections": [
                  {
                    "alias": null,
                    "args": null,
                    "kind": "ScalarField",
                    "name": "markdown",
                    "storageKey": null
                  },
                  {
                    "alias": null,
                    "args": null,
                    "concreteType": "MarkdownUserNameData",
                    "kind": "LinkedField",
                    "name": "data",
                    "plural": false,
                    "selections": [
                      {
                        "alias": null,
                        "args": null,
                        "kind": "ScalarField",
                        "name": "markup",
                        "storageKey": null
                      },
                      {
                        "alias": null,
                        "args": null,
                        "kind": "ScalarField",
                        "name": "id",
                        "storageKey": null
                      }
                    ],
                    "storageKey": null
                  }
                ],
                "type": "MarkdownUserNameRenderer"
              }
            ],
            "storageKey": null
          },
          {
            "alias": null,
            "args": null,
            "kind": "ScalarField",
            "name": "id",
            "storageKey": null
          }
        ],
        "storageKey": "node(id:\"<user-id>\")"
      }
    ]
  },
  "params": {
    "id": null,
    "metadata": {},
    "name": "MatchQuery",
    "operationKind": "query",
    "text": null
  }
}

QUERY:

query MatchQuery {
  node(id: "<user-id>") {
    __typename
    ... on Actor {
      nameRenderer {
        __typename
        ...MarkdownUserNameRenderer_name @module(name: "MarkdownUserNameRenderer.react")
      }
    }
    ... on User {
      nameRenderer {
        __typename
        ...MarkdownUserNameRenderer_name @module(name: "MarkdownUserNameRenderer.react")
      }
    }
    id
  }
}

fragment MarkdownUserNameRenderer_name on MarkdownUserNameRenderer {
  markdown
  data {
    markup
    id
  }
}


{
  "argumentDefinitions": [],
  "kind": "Fragment",
  "metadata": null,
  "name": "MarkdownUserNameRenderer_name",
  "selections": [
    {
      "alias": null,
      "args": null,
      "kind": "ScalarField",
      "name": "markdown",
      "storageKey": null
    },
    {
      "alias": null,
      "args": null,
      "concreteType": "MarkdownUserNameData",
      "kind": "LinkedField",
      "name": "data",
      "plural": false,
      "selections": [
        {
          "alias": null,
          "args": null,
          "kind": "ScalarField",
          "name": "markup",
          "storageKey": null
        }
      ],
      "storageKey": null
    }
  ],
  "type": "MarkdownUserNameRenderer"
}
