==================================== INPUT ====================================
query ViewerQuery @raw_response_type {
  viewer {
    actor {
      id
    }
  }
}
==================================== OUTPUT ===================================
{
  "kind": "Request",
  "fragment": {
    "kind": "Fragment",
    "name": "ViewerQuery",
    "type": "Query",
    "metadata": null,
    "argumentDefinitions": [],
    "selections": [
      {
        "kind": "LinkedField",
        "alias": null,
        "name": "viewer",
        "args": null,
        "concreteType": "Viewer",
        "plural": false,
        "selections": [
          {
            "kind": "LinkedField",
            "alias": null,
            "name": "actor",
            "args": null,
            "concreteType": null,
            "plural": false,
            "selections": [
              {
                "kind": "ScalarField",
                "alias": null,
                "name": "id",
                "args": null,
                "storageKey": null
              }
            ],
            "storageKey": null
          }
        ],
        "storageKey": null
      }
    ]
  },
  "operation": {
    "kind": "Operation",
    "name": "ViewerQuery",
    "argumentDefinitions": [],
    "selections": [
      {
        "kind": "LinkedField",
        "alias": null,
        "name": "viewer",
        "args": null,
        "concreteType": "Viewer",
        "plural": false,
        "selections": [
          {
            "kind": "LinkedField",
            "alias": null,
            "name": "actor",
            "args": null,
            "concreteType": null,
            "plural": false,
            "selections": [
              {
                "kind": "ScalarField",
                "alias": null,
                "name": "__typename",
                "args": null,
                "storageKey": null
              },
              {
                "kind": "ScalarField",
                "alias": null,
                "name": "id",
                "args": null,
                "storageKey": null
              }
            ],
            "storageKey": null
          }
        ],
        "storageKey": null
      }
    ]
  },
  "params": {
    "id": null,
    "metadata": {},
    "name": "ViewerQuery",
    "operationKind": "query",
    "text": null
  }
}

QUERY:

query ViewerQuery {
  viewer {
    actor {
      __typename
      id
    }
  }
}
