==================================== INPUT ====================================
query NameRendererQuery($id: ID!, $fetchModule: Boolean!) {
  node(id: $id) {
    ...NameRendererFragment
  }
}

fragment NameRendererFragment on User {
  id
  nameRenderer {
    # note: intentionally no @match here
    ...MarkdownUserNameRenderer_name
      @include(if: $fetchModule)
      @module(name: "MarkdownUserNameRenderer.react")
  }
}

fragment MarkdownUserNameRenderer_name on MarkdownUserNameRenderer {
  markdown
  data {
    markup
  }
}
==================================== OUTPUT ===================================
{
  "kind": "ConcreteRequest",
  "fragment": {
    "kind": "Fragment",
    "name": "NameRendererQuery",
    "type": "Query",
    "metadata": {},
    "argumentDefinitions": [
      {
        "kind": "LocalArgument",
        "name": "fetchModule",
        "type": "Boolean",
        "defaultValue": null
      },
      {
        "kind": "LocalArgument",
        "name": "id",
        "type": "ID",
        "defaultValue": null
      }
    ],
    "selections": [
      {
        "kind": "LinkedField",
        "alias": null,
        "name": "node",
        "args": [
          {
            "kind": "Variable",
            "name": "id",
            "variableName": "id"
          }
        ],
        "concreteType": "Node",
        "plural": false,
        "selections": [
          {
            "kind": "FragmentSpread",
            "name": "NameRendererFragment",
            "args": null
          }
        ],
        "storageKey": null
      }
    ]
  },
  "operation": {
    "kind": "Operation",
    "name": "NameRendererQuery",
    "argumentDefinitions": [
      {
        "kind": "LocalArgument",
        "name": "fetchModule",
        "type": "Boolean",
        "defaultValue": null
      },
      {
        "kind": "LocalArgument",
        "name": "id",
        "type": "ID",
        "defaultValue": null
      }
    ],
    "selections": [
      {
        "kind": "LinkedField",
        "alias": null,
        "name": "node",
        "args": [
          {
            "kind": "Variable",
            "name": "id",
            "variableName": "id"
          }
        ],
        "concreteType": "Node",
        "plural": false,
        "selections": [
          {
            "kind": "InlineFragment",
            "type": "User",
            "selections": [
              {
                "kind": "LinkedField",
                "alias": null,
                "name": "nameRenderer",
                "args": null,
                "concreteType": "UserNameRenderer",
                "plural": false,
                "selections": [
                  {
                    "kind": "ScalarField",
                    "alias": null,
                    "name": "__typename",
                    "args": null,
                    "storageKey": null
                  },
                  {
                    "kind": "Condition",
                    "passingValue": true,
                    "condition": "fetchModule",
                    "selections": [
                      {
                        "kind": "InlineFragment",
                        "type": "MarkdownUserNameRenderer",
                        "selections": [
                          {
                            "kind": "LinkedField",
                            "alias": null,
                            "name": "data",
                            "args": null,
                            "concreteType": null,
                            "plural": false,
                            "selections": [
                              {
                                "kind": "ScalarField",
                                "alias": null,
                                "name": "id",
                                "args": null,
                                "storageKey": null
                              },
                              {
                                "kind": "ScalarField",
                                "alias": null,
                                "name": "markup",
                                "args": null,
                                "storageKey": null
                              }
                            ],
                            "storageKey": null
                          },
                          {
                            "kind": "ScalarField",
                            "alias": null,
                            "name": "markdown",
                            "args": null,
                            "storageKey": null
                          }
                        ]
                      }
                    ]
                  }
                ],
                "storageKey": null
              },
              {
                "kind": "ScalarField",
                "alias": null,
                "name": "id",
                "args": null,
                "storageKey": null
              }
            ]
          },
          {
            "kind": "ScalarField",
            "alias": null,
            "name": "id",
            "args": null,
            "storageKey": null
          },
          {
            "kind": "ScalarField",
            "alias": null,
            "name": "__typename",
            "args": null,
            "storageKey": null
          }
        ],
        "storageKey": null
      }
    ]
  },
  "params": {
    "name": "NameRendererQuery",
    "operationKind": "query",
    "metadata": {},
    "id": null,
    "text": null
  }
}

QUERY:

query NameRendererQuery(
  $id: ID!
  $fetchModule: Boolean!
) {
  node(id: $id) {
    ...NameRendererFragment
    id
    __typename
  }
}

fragment MarkdownUserNameRenderer_name on MarkdownUserNameRenderer {
  data {
    id
    markup
  }
  markdown
}

fragment NameRendererFragment on User {
  nameRenderer {
    __typename
    ...MarkdownUserNameRenderer_name @module(name: "MarkdownUserNameRenderer.react") @include(if: $fetchModule)
  }
  id
}

{
  "kind": "Fragment",
  "name": "MarkdownUserNameRenderer_name",
  "type": "MarkdownUserNameRenderer",
  "metadata": {},
  "argumentDefinitions": [],
  "selections": [
    {
      "kind": "LinkedField",
      "alias": null,
      "name": "data",
      "args": null,
      "concreteType": null,
      "plural": false,
      "selections": [
        {
          "kind": "ScalarField",
          "alias": null,
          "name": "markup",
          "args": null,
          "storageKey": null
        }
      ],
      "storageKey": null
    },
    {
      "kind": "ScalarField",
      "alias": null,
      "name": "markdown",
      "args": null,
      "storageKey": null
    }
  ]
}

{
  "kind": "Fragment",
  "name": "NameRendererFragment",
  "type": "User",
  "metadata": {},
  "argumentDefinitions": [
    {
      "kind": "RootArgument",
      "name": "fetchModule",
      "type": "Boolean"
    }
  ],
  "selections": [
    {
      "kind": "LinkedField",
      "alias": null,
      "name": "nameRenderer",
      "args": null,
      "concreteType": "UserNameRenderer",
      "plural": false,
      "selections": [
        {
          "kind": "Condition",
          "passingValue": true,
          "condition": "fetchModule",
          "selections": [
            {
              "kind": "FragmentSpread",
              "name": "MarkdownUserNameRenderer_name",
              "args": null
            }
          ]
        }
      ],
      "storageKey": null
    },
    {
      "kind": "ScalarField",
      "alias": null,
      "name": "id",
      "args": null,
      "storageKey": null
    }
  ]
}
