==================================== INPUT ====================================
query NameRendererQuery($id: ID!) {
  node(id: $id) {
    ...NameRendererFragment
  }
}

fragment NameRendererFragment on User {
  id
  nameRendererForContext(context: HEADER) @match {
    ...PlainUserNameRenderer_name @module(name: "PlainUserNameRenderer.react")
    ...MarkdownUserNameRenderer_name
      @module(name: "MarkdownUserNameRenderer.react")
  }
}

fragment PlainUserNameRenderer_name on PlainUserNameRenderer {
  plaintext
  data {
    text
  }
}

fragment MarkdownUserNameRenderer_name on MarkdownUserNameRenderer {
  markdown
  data {
    markup
  }
}
==================================== OUTPUT ===================================
{
  "kind": "ConcreteRequest",
  "fragment": {
    "kind": "Fragment",
    "name": "NameRendererQuery",
    "type": "Query",
    "metadata": {},
    "argumentDefinitions": [
      {
        "kind": "LocalArgument",
        "name": "id",
        "type": "ID",
        "defaultValue": null
      }
    ],
    "selections": [
      {
        "kind": "LinkedField",
        "alias": null,
        "name": "node",
        "args": [
          {
            "kind": "Variable",
            "name": "id",
            "variableName": "id"
          }
        ],
        "concreteType": "Node",
        "plural": false,
        "selections": [
          {
            "kind": "FragmentSpread",
            "name": "NameRendererFragment",
            "args": null
          }
        ],
        "storageKey": null
      }
    ]
  },
  "operation": {
    "kind": "Operation",
    "name": "NameRendererQuery",
    "argumentDefinitions": [
      {
        "kind": "LocalArgument",
        "name": "id",
        "type": "ID",
        "defaultValue": null
      }
    ],
    "selections": [
      {
        "kind": "LinkedField",
        "alias": null,
        "name": "node",
        "args": [
          {
            "kind": "Variable",
            "name": "id",
            "variableName": "id"
          }
        ],
        "concreteType": "Node",
        "plural": false,
        "selections": [
          {
            "kind": "InlineFragment",
            "type": "User",
            "selections": [
              {
                "kind": "LinkedField",
                "alias": null,
                "name": "nameRendererForContext",
                "args": [
                  {
                    "kind": "Literal",
                    "name": "context",
                    "value": "HEADER"
                  }
                ],
                "concreteType": "UserNameRenderer",
                "plural": false,
                "selections": [
                  {
                    "kind": "InlineFragment",
                    "type": "PlainUserNameRenderer",
                    "selections": [
                      {
                        "kind": "LinkedField",
                        "alias": null,
                        "name": "data",
                        "args": null,
                        "concreteType": null,
                        "plural": false,
                        "selections": [
                          {
                            "kind": "ScalarField",
                            "alias": null,
                            "name": "id",
                            "args": null,
                            "storageKey": null
                          },
                          {
                            "kind": "ScalarField",
                            "alias": null,
                            "name": "text",
                            "args": null,
                            "storageKey": null
                          }
                        ],
                        "storageKey": null
                      },
                      {
                        "kind": "ScalarField",
                        "alias": null,
                        "name": "plaintext",
                        "args": null,
                        "storageKey": null
                      }
                    ]
                  },
                  {
                    "kind": "InlineFragment",
                    "type": "MarkdownUserNameRenderer",
                    "selections": [
                      {
                        "kind": "LinkedField",
                        "alias": null,
                        "name": "data",
                        "args": null,
                        "concreteType": null,
                        "plural": false,
                        "selections": [
                          {
                            "kind": "ScalarField",
                            "alias": null,
                            "name": "id",
                            "args": null,
                            "storageKey": null
                          },
                          {
                            "kind": "ScalarField",
                            "alias": null,
                            "name": "markup",
                            "args": null,
                            "storageKey": null
                          }
                        ],
                        "storageKey": null
                      },
                      {
                        "kind": "ScalarField",
                        "alias": null,
                        "name": "markdown",
                        "args": null,
                        "storageKey": null
                      }
                    ]
                  },
                  {
                    "kind": "ScalarField",
                    "alias": null,
                    "name": "__typename",
                    "args": null,
                    "storageKey": null
                  }
                ],
                "storageKey": null
              },
              {
                "kind": "ScalarField",
                "alias": null,
                "name": "id",
                "args": null,
                "storageKey": null
              }
            ]
          },
          {
            "kind": "ScalarField",
            "alias": null,
            "name": "id",
            "args": null,
            "storageKey": null
          },
          {
            "kind": "ScalarField",
            "alias": null,
            "name": "__typename",
            "args": null,
            "storageKey": null
          }
        ],
        "storageKey": null
      }
    ]
  },
  "params": {
    "name": "NameRendererQuery",
    "operationKind": "query",
    "metadata": {},
    "id": null,
    "text": null
  }
}

QUERY:

query NameRendererQuery(
  $id: ID!
) {
  node(id: $id) {
    ...NameRendererFragment
    id
    __typename
  }
}

fragment MarkdownUserNameRenderer_name on MarkdownUserNameRenderer {
  data {
    id
    markup
  }
  markdown
}

fragment NameRendererFragment on User {
  nameRendererForContext(context: HEADER) {
    ...MarkdownUserNameRenderer_name @module(name: "MarkdownUserNameRenderer.react")
    ...PlainUserNameRenderer_name @module(name: "PlainUserNameRenderer.react")
    __typename
  }
  id
}

fragment PlainUserNameRenderer_name on PlainUserNameRenderer {
  data {
    id
    text
  }
  plaintext
}

{
  "kind": "Fragment",
  "name": "MarkdownUserNameRenderer_name",
  "type": "MarkdownUserNameRenderer",
  "metadata": {},
  "argumentDefinitions": [],
  "selections": [
    {
      "kind": "LinkedField",
      "alias": null,
      "name": "data",
      "args": null,
      "concreteType": null,
      "plural": false,
      "selections": [
        {
          "kind": "ScalarField",
          "alias": null,
          "name": "markup",
          "args": null,
          "storageKey": null
        }
      ],
      "storageKey": null
    },
    {
      "kind": "ScalarField",
      "alias": null,
      "name": "markdown",
      "args": null,
      "storageKey": null
    }
  ]
}

{
  "kind": "Fragment",
  "name": "NameRendererFragment",
  "type": "User",
  "metadata": {},
  "argumentDefinitions": [],
  "selections": [
    {
      "kind": "LinkedField",
      "alias": null,
      "name": "nameRendererForContext",
      "args": [
        {
          "kind": "Literal",
          "name": "context",
          "value": "HEADER"
        }
      ],
      "concreteType": "UserNameRenderer",
      "plural": false,
      "selections": [
        {
          "kind": "FragmentSpread",
          "name": "MarkdownUserNameRenderer_name",
          "args": null
        },
        {
          "kind": "FragmentSpread",
          "name": "PlainUserNameRenderer_name",
          "args": null
        }
      ],
      "storageKey": null
    },
    {
      "kind": "ScalarField",
      "alias": null,
      "name": "id",
      "args": null,
      "storageKey": null
    }
  ]
}

{
  "kind": "Fragment",
  "name": "PlainUserNameRenderer_name",
  "type": "PlainUserNameRenderer",
  "metadata": {},
  "argumentDefinitions": [],
  "selections": [
    {
      "kind": "LinkedField",
      "alias": null,
      "name": "data",
      "args": null,
      "concreteType": null,
      "plural": false,
      "selections": [
        {
          "kind": "ScalarField",
          "alias": null,
          "name": "text",
          "args": null,
          "storageKey": null
        }
      ],
      "storageKey": null
    },
    {
      "kind": "ScalarField",
      "alias": null,
      "name": "plaintext",
      "args": null,
      "storageKey": null
    }
  ]
}
