==================================== INPUT ====================================
query NameRendererQuery($id: ID!) {
  node(id: $id) {
    ...NameRendererFragment
  }
}

fragment NameRendererFragment on User {
  id
  nameRenderer @match {
    ...PlainUserNameRenderer_name @module(name: "PlainUserNameRenderer.react")
    ...MarkdownUserNameRenderer_name
      @module(name: "MarkdownUserNameRenderer.react")
  }
}

fragment PlainUserNameRenderer_name on PlainUserNameRenderer {
  plaintext
  data {
    text
  }
}

fragment MarkdownUserNameRenderer_name on MarkdownUserNameRenderer {
  markdown
  data {
    markup
  }
}
==================================== OUTPUT ===================================
{
  "fragment": {
    "argumentDefinitions": [
      {
        "defaultValue": null,
        "kind": "LocalArgument",
        "name": "id",
        "type": "ID!"
      }
    ],
    "kind": "Fragment",
    "metadata": null,
    "name": "NameRendererQuery",
    "selections": [
      {
        "alias": null,
        "args": [
          {
            "kind": "Variable",
            "name": "id",
            "variableName": "id"
          }
        ],
        "concreteType": null,
        "kind": "LinkedField",
        "name": "node",
        "plural": false,
        "selections": [
          {
            "args": null,
            "kind": "FragmentSpread",
            "name": "NameRendererFragment"
          }
        ],
        "storageKey": null
      }
    ],
    "type": "Query"
  },
  "kind": "Request",
  "operation": {
    "argumentDefinitions": [
      {
        "defaultValue": null,
        "kind": "LocalArgument",
        "name": "id",
        "type": "ID!"
      }
    ],
    "kind": "Operation",
    "name": "NameRendererQuery",
    "selections": [
      {
        "alias": null,
        "args": [
          {
            "kind": "Variable",
            "name": "id",
            "variableName": "id"
          }
        ],
        "concreteType": null,
        "kind": "LinkedField",
        "name": "node",
        "plural": false,
        "selections": [
          {
            "alias": null,
            "args": null,
            "kind": "ScalarField",
            "name": "__typename",
            "storageKey": null
          },
          {
            "alias": null,
            "args": null,
            "kind": "ScalarField",
            "name": "id",
            "storageKey": null
          },
          {
            "kind": "InlineFragment",
            "selections": [
              {
                "alias": null,
                "args": [
                  {
                    "kind": "Literal",
                    "name": "supported",
                    "value": [
                      "PlainUserNameRenderer",
                      "MarkdownUserNameRenderer"
                    ]
                  }
                ],
                "concreteType": null,
                "kind": "LinkedField",
                "name": "nameRenderer",
                "plural": false,
                "selections": [
                  {
                    "alias": null,
                    "args": null,
                    "kind": "ScalarField",
                    "name": "__typename",
                    "storageKey": null
                  },
                  {
                    "kind": "InlineFragment",
                    "selections": [
                      {
                        "documentName": "NameRendererFragment",
                        "fragmentName": "PlainUserNameRenderer_name",
                        "fragmentPropName": "name",
                        "kind": "ModuleImport"
                      }
                    ],
                    "type": "PlainUserNameRenderer"
                  },
                  {
                    "kind": "InlineFragment",
                    "selections": [
                      {
                        "documentName": "NameRendererFragment",
                        "fragmentName": "MarkdownUserNameRenderer_name",
                        "fragmentPropName": "name",
                        "kind": "ModuleImport"
                      }
                    ],
                    "type": "MarkdownUserNameRenderer"
                  }
                ],
                "storageKey": "nameRenderer(supported:[\"PlainUserNameRenderer\",\"MarkdownUserNameRenderer\"])"
              }
            ],
            "type": "User"
          }
        ],
        "storageKey": null
      }
    ]
  },
  "params": {
    "id": null,
    "metadata": {},
    "name": "NameRendererQuery",
    "operationKind": "query",
    "text": null
  }
}

QUERY:

query NameRendererQuery(
  $id: ID!
) {
  node(id: $id) {
    __typename
    ...NameRendererFragment
    id
  }
}

fragment MarkdownUserNameRenderer_name on MarkdownUserNameRenderer {
  markdown
  data {
    markup
    id
  }
}

fragment NameRendererFragment on User {
  id
  nameRenderer(supported: ["PlainUserNameRenderer", "MarkdownUserNameRenderer"]) {
    __typename
    ... on PlainUserNameRenderer {
      ...PlainUserNameRenderer_name
      __module_operation_NameRendererFragment: js(module: "PlainUserNameRenderer_name$normalization.graphql", id: "NameRendererFragment.nameRenderer")
      __module_component_NameRendererFragment: js(module: "PlainUserNameRenderer.react", id: "NameRendererFragment.nameRenderer")
    }
    ... on MarkdownUserNameRenderer {
      ...MarkdownUserNameRenderer_name
      __module_operation_NameRendererFragment: js(module: "MarkdownUserNameRenderer_name$normalization.graphql", id: "NameRendererFragment.nameRenderer")
      __module_component_NameRendererFragment: js(module: "MarkdownUserNameRenderer.react", id: "NameRendererFragment.nameRenderer")
    }
  }
}

fragment PlainUserNameRenderer_name on PlainUserNameRenderer {
  plaintext
  data {
    text
    id
  }
}


{
  "argumentDefinitions": [],
  "kind": "Fragment",
  "metadata": null,
  "name": "MarkdownUserNameRenderer_name",
  "selections": [
    {
      "alias": null,
      "args": null,
      "kind": "ScalarField",
      "name": "markdown",
      "storageKey": null
    },
    {
      "alias": null,
      "args": null,
      "concreteType": "MarkdownUserNameData",
      "kind": "LinkedField",
      "name": "data",
      "plural": false,
      "selections": [
        {
          "alias": null,
          "args": null,
          "kind": "ScalarField",
          "name": "markup",
          "storageKey": null
        }
      ],
      "storageKey": null
    }
  ],
  "type": "MarkdownUserNameRenderer"
}

{
  "argumentDefinitions": [],
  "kind": "Fragment",
  "metadata": null,
  "name": "NameRendererFragment",
  "selections": [
    {
      "alias": null,
      "args": null,
      "kind": "ScalarField",
      "name": "id",
      "storageKey": null
    },
    {
      "alias": null,
      "args": [
        {
          "kind": "Literal",
          "name": "supported",
          "value": [
            "PlainUserNameRenderer",
            "MarkdownUserNameRenderer"
          ]
        }
      ],
      "concreteType": null,
      "kind": "LinkedField",
      "name": "nameRenderer",
      "plural": false,
      "selections": [
        {
          "kind": "InlineFragment",
          "selections": [
            {
              "documentName": "NameRendererFragment",
              "fragmentName": "PlainUserNameRenderer_name",
              "fragmentPropName": "name",
              "kind": "ModuleImport"
            }
          ],
          "type": "PlainUserNameRenderer"
        },
        {
          "kind": "InlineFragment",
          "selections": [
            {
              "documentName": "NameRendererFragment",
              "fragmentName": "MarkdownUserNameRenderer_name",
              "fragmentPropName": "name",
              "kind": "ModuleImport"
            }
          ],
          "type": "MarkdownUserNameRenderer"
        }
      ],
      "storageKey": "nameRenderer(supported:[\"PlainUserNameRenderer\",\"MarkdownUserNameRenderer\"])"
    }
  ],
  "type": "User"
}

{
  "argumentDefinitions": [],
  "kind": "Fragment",
  "metadata": null,
  "name": "PlainUserNameRenderer_name",
  "selections": [
    {
      "alias": null,
      "args": null,
      "kind": "ScalarField",
      "name": "plaintext",
      "storageKey": null
    },
    {
      "alias": null,
      "args": null,
      "concreteType": "PlainUserNameData",
      "kind": "LinkedField",
      "name": "data",
      "plural": false,
      "selections": [
        {
          "alias": null,
          "args": null,
          "kind": "ScalarField",
          "name": "text",
          "storageKey": null
        }
      ],
      "storageKey": null
    }
  ],
  "type": "PlainUserNameRenderer"
}
