==================================== INPUT ====================================
fragment PaginationFragment on Node
  @refetchable(queryName: "RefetchableFragmentQuery")
  @argumentDefinitions(
    count: {type: "Int", defaultValue: 10}
    cursor: {type: "ID"}
  ) {
  id
  ... on User {
    name
    friends(after: $cursor, first: $count)
      @connection(key: "PaginationFragment_friends") {
      edges {
        node {
          id
        }
      }
    }
  }
}
==================================== OUTPUT ===================================
{
  "argumentDefinitions": [
    {
      "defaultValue": 10,
      "kind": "LocalArgument",
      "name": "count",
      "type": "Int"
    },
    {
      "defaultValue": null,
      "kind": "LocalArgument",
      "name": "cursor",
      "type": "ID"
    }
  ],
  "kind": "Fragment",
  "metadata": {
    "connection": [
      {
        "count": "count",
        "cursor": "cursor",
        "direction": "forward",
        "path": [
          "friends"
        ]
      }
    ]
  },
  "name": "PaginationFragment",
  "selections": [
    {
      "alias": null,
      "args": null,
      "kind": "ScalarField",
      "name": "id",
      "storageKey": null
    },
    {
      "kind": "InlineFragment",
      "selections": [
        {
          "alias": null,
          "args": null,
          "kind": "ScalarField",
          "name": "name",
          "storageKey": null
        },
        {
          "alias": null,
          "args": [
            {
              "kind": "Variable",
              "name": "after",
              "variableName": "cursor"
            },
            {
              "kind": "Variable",
              "name": "first",
              "variableName": "count"
            }
          ],
          "concreteType": "FriendsConnection",
          "kind": "LinkedField",
          "name": "friends",
          "plural": false,
          "selections": [
            {
              "alias": null,
              "args": null,
              "concreteType": "FriendsEdge",
              "kind": "LinkedField",
              "name": "edges",
              "plural": true,
              "selections": [
                {
                  "alias": null,
                  "args": null,
                  "concreteType": "User",
                  "kind": "LinkedField",
                  "name": "node",
                  "plural": false,
                  "selections": [
                    {
                      "alias": null,
                      "args": null,
                      "kind": "ScalarField",
                      "name": "__typename",
                      "storageKey": null
                    },
                    {
                      "alias": null,
                      "args": null,
                      "kind": "ScalarField",
                      "name": "id",
                      "storageKey": null
                    }
                  ],
                  "storageKey": null
                },
                {
                  "alias": null,
                  "args": null,
                  "kind": "ScalarField",
                  "name": "cursor",
                  "storageKey": null
                }
              ],
              "storageKey": null
            },
            {
              "alias": null,
              "args": null,
              "concreteType": "PageInfo",
              "kind": "LinkedField",
              "name": "pageInfo",
              "plural": false,
              "selections": [
                {
                  "alias": null,
                  "args": null,
                  "kind": "ScalarField",
                  "name": "endCursor",
                  "storageKey": null
                },
                {
                  "alias": null,
                  "args": null,
                  "kind": "ScalarField",
                  "name": "hasNextPage",
                  "storageKey": null
                }
              ],
              "storageKey": null
            }
          ],
          "storageKey": null
        },
        {
          "alias": null,
          "args": [
            {
              "kind": "Variable",
              "name": "after",
              "variableName": "cursor"
            },
            {
              "kind": "Variable",
              "name": "first",
              "variableName": "count"
            }
          ],
          "filters": null,
          "handle": "connection",
          "key": "PaginationFragment_friends",
          "kind": "LinkedHandle",
          "name": "friends"
        }
      ],
      "type": "User"
    }
  ],
  "type": "Node"
}
