==================================== INPUT ====================================
query TestQuery($ProfilePicture_SIZE: [Int], $isRelative: Boolean) {
  me {
    ...UserProfile_user
  }
}

fragment UserProfile_user on User {
  profilePicture(size: $ProfilePicture_SIZE) {
    width
    height
  }
  ...UserUtil_user @relay(mask: false)
}

fragment UserUtil_user on User {
  url(relative: $isRelative)
}
==================================== OUTPUT ===================================
{
  "kind": "Fragment",
  "name": "UserProfile_user",
  "type": "User",
  "metadata": null,
  "argumentDefinitions": [
    {
      "kind": "RootArgument",
      "name": "ProfilePicture_SIZE",
      "type": "[Int]"
    },
    {
      "kind": "RootArgument",
      "name": "isRelative",
      "type": "Boolean"
    }
  ],
  "selections": [
    {
      "kind": "LinkedField",
      "alias": null,
      "name": "profilePicture",
      "args": [
        {
          "kind": "Variable",
          "name": "size",
          "variableName": "ProfilePicture_SIZE"
        }
      ],
      "concreteType": "Image",
      "plural": false,
      "selections": [
        {
          "kind": "ScalarField",
          "alias": null,
          "name": "width",
          "args": null,
          "storageKey": null
        },
        {
          "kind": "ScalarField",
          "alias": null,
          "name": "height",
          "args": null,
          "storageKey": null
        }
      ],
      "storageKey": null
    },
    {
      "kind": "ScalarField",
      "alias": null,
      "name": "url",
      "args": [
        {
          "kind": "Variable",
          "name": "relative",
          "variableName": "isRelative"
        }
      ],
      "storageKey": null
    }
  ]
}

{
  "kind": "Fragment",
  "name": "UserUtil_user",
  "type": "User",
  "metadata": null,
  "argumentDefinitions": [
    {
      "kind": "RootArgument",
      "name": "isRelative",
      "type": "Boolean"
    }
  ],
  "selections": [
    {
      "kind": "ScalarField",
      "alias": null,
      "name": "url",
      "args": [
        {
          "kind": "Variable",
          "name": "relative",
          "variableName": "isRelative"
        }
      ],
      "storageKey": null
    }
  ]
}

{
  "kind": "Request",
  "fragment": {
    "kind": "Fragment",
    "name": "TestQuery",
    "type": "Query",
    "metadata": null,
    "argumentDefinitions": [
      {
        "kind": "LocalArgument",
        "name": "ProfilePicture_SIZE",
        "type": "[Int]",
        "defaultValue": null
      },
      {
        "kind": "LocalArgument",
        "name": "isRelative",
        "type": "Boolean",
        "defaultValue": null
      }
    ],
    "selections": [
      {
        "kind": "LinkedField",
        "alias": null,
        "name": "me",
        "args": null,
        "concreteType": "User",
        "plural": false,
        "selections": [
          {
            "kind": "FragmentSpread",
            "name": "UserProfile_user",
            "args": null
          }
        ],
        "storageKey": null
      }
    ]
  },
  "operation": {
    "kind": "Operation",
    "name": "TestQuery",
    "argumentDefinitions": [
      {
        "kind": "LocalArgument",
        "name": "ProfilePicture_SIZE",
        "type": "[Int]",
        "defaultValue": null
      },
      {
        "kind": "LocalArgument",
        "name": "isRelative",
        "type": "Boolean",
        "defaultValue": null
      }
    ],
    "selections": [
      {
        "kind": "LinkedField",
        "alias": null,
        "name": "me",
        "args": null,
        "concreteType": "User",
        "plural": false,
        "selections": [
          {
            "kind": "LinkedField",
            "alias": null,
            "name": "profilePicture",
            "args": [
              {
                "kind": "Variable",
                "name": "size",
                "variableName": "ProfilePicture_SIZE"
              }
            ],
            "concreteType": "Image",
            "plural": false,
            "selections": [
              {
                "kind": "ScalarField",
                "alias": null,
                "name": "width",
                "args": null,
                "storageKey": null
              },
              {
                "kind": "ScalarField",
                "alias": null,
                "name": "height",
                "args": null,
                "storageKey": null
              }
            ],
            "storageKey": null
          },
          {
            "kind": "ScalarField",
            "alias": null,
            "name": "url",
            "args": [
              {
                "kind": "Variable",
                "name": "relative",
                "variableName": "isRelative"
              }
            ],
            "storageKey": null
          },
          {
            "kind": "ScalarField",
            "alias": null,
            "name": "id",
            "args": null,
            "storageKey": null
          }
        ],
        "storageKey": null
      }
    ]
  },
  "params": {
    "id": null,
    "metadata": {},
    "name": "TestQuery",
    "operationKind": "query",
    "text": null
  }
}

QUERY:

query TestQuery(
  $ProfilePicture_SIZE: [Int]
  $isRelative: Boolean
) {
  me {
    ...UserProfile_user
    id
  }
}

fragment UserProfile_user on User {
  profilePicture(size: $ProfilePicture_SIZE) {
    width
    height
  }
  url(relative: $isRelative)
}
