==================================== INPUT ====================================
fragment RefetchableFragment on User
  @refetchable(queryName: "RefetchableFragmentQuery") {
  id
  name
  ...ProfilePicture
}

fragment ProfilePicture on User {
  profilePicture(size: $size) {
    uri
  }
}
==================================== OUTPUT ===================================
query RefetchableFragmentQuery(
  $size: [Int]
  $id: ID!
) {
  node(id: $id) {
    ...RefetchableFragment
  }
}

fragment ProfilePicture on User {
  profilePicture(size: $size) {
    uri
  }
}

fragment RefetchableFragment on User @refetchable(queryName: "RefetchableFragmentQuery") {
  id
  name
  ...ProfilePicture
}
