==================================== INPUT ====================================
fragment RefetchableFragment on Viewer
  @refetchable(queryName: "RefetchableFragmentQuery") {
  actor {
    id
    name
    ...ProfilePicture
  }
}

fragment ProfilePicture on User {
  profilePicture(size: $size) {
    uri
  }
}
==================================== OUTPUT ===================================
query RefetchableFragmentQuery(
  $size: [Int]
) {
  viewer {
    ...RefetchableFragment
  }
}

fragment ProfilePicture on User {
  profilePicture(size: $size) {
    uri
  }
}

fragment RefetchableFragment on Viewer @refetchable(queryName: "RefetchableFragmentQuery") {
  actor {
    id
    name
    ...ProfilePicture
  }
}
