==================================== INPUT ====================================
fragment UserProfile on User {
  profilePicture(size: $ProfilePicture_SIZE) {
    ...InlineDataFragment
    ...AnotherInlineDataFragment @include(if: $cond)
  }
  smallPic: profilePicture(size: 20) {
    ...InlineDataFragment
  }
}

fragment InlineDataFragment on Image @inline {
  uri
  ...AnotherInlineDataFragment
}

fragment AnotherInlineDataFragment on Image @inline {
  uri
  width
}
==================================== OUTPUT ===================================
fragment AnotherInlineDataFragment on Image @inline {
  uri
  width
}

fragment InlineDataFragment on Image @inline {
  uri
  ... on Image @__inline(name: "AnotherInlineDataFragment") {
    uri
    width
  }
}

fragment UserProfile on User {
  profilePicture(size: $ProfilePicture_SIZE) {
    ... on Image @__inline(name: "InlineDataFragment") {
      uri
      ... on Image @__inline(name: "AnotherInlineDataFragment") {
        uri
        width
      }
    }
    ... on Image @__inline(name: "AnotherInlineDataFragment") @include(if: $cond) {
      uri
      width
    }
  }
  smallPic: profilePicture(size: 20) {
    ... on Image @__inline(name: "InlineDataFragment") {
      uri
      ... on Image @__inline(name: "AnotherInlineDataFragment") {
        uri
        width
      }
    }
  }
}
