==================================== INPUT ====================================
# expected-to-throw
query QueryWithFragmentWithDefer {
  me {
    id
    ...UserFragment
  }
}

fragment UserFragment on User {
  id
  emailAddresses
  ...DeferredFragment @defer(label: "deferred")
  ...OtherDeferredFragment @defer(label: "deferred")
}

fragment DeferredFragment on User {
  id
  name
}

fragment OtherDeferredFragment on User {
  id
  name
}
==================================== ERROR ====================================
Invalid use of @defer, the provided label is not unique. Specify a unique 'label' as a literal string.:
fragment-with-defer-duplicate-label.invalid.graphql:11:24:
  ...DeferredFragment @defer(label: "deferred")


fragment-with-defer-duplicate-label.invalid.graphql:12:29:
  ...OtherDeferredFragment @defer(label: "deferred")
