==================================== INPUT ====================================
# expected-to-throw
query NodeQuery($id: ID!) {
  node(id: $id) {
    id
    ... on Story {
      comments @connection(key: "NodeQuery_comments") {
        edges {
          node {
            actor {
              name
            }
          }
        }
      }
    }
  }
}
==================================== ERROR ====================================
Expected field 'comments' to have a 'first' or 'last' argument.:
connection-missing-first-arg.invalid.graphql:4:19:
    ... on Story {
      comments @connection(key: "NodeQuery_comments") {
